<h1>iuh9y</h1>
